[icc2-lic Sun Apr  5 15:08:10 2026] Command 'report_timing' requires licenses
[icc2-lic Sun Apr  5 15:08:10 2026] Attempting to check-out alternate set of keys directly with queueing
[icc2-lic Sun Apr  5 15:08:10 2026] Sending count request for 'ICCompilerII-8' 
[icc2-lic Sun Apr  5 15:08:10 2026] Count request for 'ICCompilerII-8' returned 1 
[icc2-lic Sun Apr  5 15:08:10 2026] Sending check-out request for 'ICCompilerII-8' (1) with wait option
[icc2-lic Sun Apr  5 15:08:10 2026] Check-out request for 'ICCompilerII-8' with wait option succeeded
[icc2-lic Sun Apr  5 15:08:10 2026] Sending checkout check request for 'ICCompilerII-8' 
[icc2-lic Sun Apr  5 15:08:10 2026] Checkout check request for 'ICCompilerII-8' returned 0 
[icc2-lic Sun Apr  5 15:08:10 2026] Sending count request for 'ICCompilerII-8' 
[icc2-lic Sun Apr  5 15:08:10 2026] Count request for 'ICCompilerII-8' returned 1 
[icc2-lic Sun Apr  5 15:08:10 2026] Sending count request for 'ICCompilerII-NX' 
[icc2-lic Sun Apr  5 15:08:10 2026] Count request for 'ICCompilerII-NX' returned 1 
[icc2-lic Sun Apr  5 15:08:10 2026] Sending check-out request for 'ICCompilerII-NX' (1) with wait option
[icc2-lic Sun Apr  5 15:08:10 2026] Check-out request for 'ICCompilerII-NX' with wait option succeeded
[icc2-lic Sun Apr  5 15:08:10 2026] Sending checkout check request for 'ICCompilerII-NX' 
[icc2-lic Sun Apr  5 15:08:10 2026] Checkout check request for 'ICCompilerII-NX' returned 0 
[icc2-lic Sun Apr  5 15:08:10 2026] Sending count request for 'ICCompilerII-NX' 
[icc2-lic Sun Apr  5 15:08:10 2026] Count request for 'ICCompilerII-NX' returned 1 
[icc2-lic Sun Apr  5 15:08:10 2026] Check-out of alternate set of keys directly with queueing was successful
****************************************
Report : timing
        -path_type full
        -delay_type max
        -max_paths 10
        -report_by design
Design : pow2_3bit
Version: W-2024.09
Date   : Sun Apr  5 15:08:10 2026
****************************************

  Startpoint: rst (input port clocked by clk)
  Endpoint: y_reg[2] (rising edge-triggered flip-flop clocked by clk)
  Mode: func
  Corner: nom
  Scenario: func::nom
  Path Group: **in2reg_default**
  Path Type: max

  Point                                            Incr      Path  
  ------------------------------------------------------------------------
  clock clk (rise edge)                            0.00      0.00
  clock network delay (ideal)                      0.00      0.00
  input external delay                             2.00      2.00 r
  rst (in)                                         0.00      2.00 r
  U22/Y (INVX1_RVT)                                0.02      2.02 f
  U23/Y (AND2X1_RVT)                               0.04      2.06 f
  U26/Y (AND3X1_RVT)                               0.04      2.10 f
  y_reg[2]/D (DFFX1_RVT)                           0.00      2.10 f
  data arrival time                                          2.10

  clock clk (rise edge)                           10.00     10.00
  clock network delay (ideal)                      0.00     10.00
  y_reg[2]/CLK (DFFX1_RVT)                         0.00     10.00 r
  clock uncertainty                               -0.20      9.80
  library setup time                              -0.02      9.78
  data required time                                         9.78
  ------------------------------------------------------------------------
  data required time                                         9.78
  data arrival time                                         -2.10
  ------------------------------------------------------------------------
  slack (MET)                                                7.67



  Startpoint: rst (input port clocked by clk)
  Endpoint: y_reg[3] (rising edge-triggered flip-flop clocked by clk)
  Mode: func
  Corner: nom
  Scenario: func::nom
  Path Group: **in2reg_default**
  Path Type: max

  Point                                            Incr      Path  
  ------------------------------------------------------------------------
  clock clk (rise edge)                            0.00      0.00
  clock network delay (ideal)                      0.00      0.00
  input external delay                             2.00      2.00 r
  rst (in)                                         0.00      2.00 r
  U22/Y (INVX1_RVT)                                0.02      2.02 f
  U23/Y (AND2X1_RVT)                               0.04      2.06 f
  U27/Y (AND3X1_RVT)                               0.04      2.10 f
  y_reg[3]/D (DFFX1_RVT)                           0.00      2.10 f
  data arrival time                                          2.10

  clock clk (rise edge)                           10.00     10.00
  clock network delay (ideal)                      0.00     10.00
  y_reg[3]/CLK (DFFX1_RVT)                         0.00     10.00 r
  clock uncertainty                               -0.20      9.80
  library setup time                              -0.02      9.78
  data required time                                         9.78
  ------------------------------------------------------------------------
  data required time                                         9.78
  data arrival time                                         -2.10
  ------------------------------------------------------------------------
  slack (MET)                                                7.68



  Startpoint: rst (input port clocked by clk)
  Endpoint: y_reg[1] (rising edge-triggered flip-flop clocked by clk)
  Mode: func
  Corner: nom
  Scenario: func::nom
  Path Group: **in2reg_default**
  Path Type: max

  Point                                            Incr      Path  
  ------------------------------------------------------------------------
  clock clk (rise edge)                            0.00      0.00
  clock network delay (ideal)                      0.00      0.00
  input external delay                             2.00      2.00 r
  rst (in)                                         0.00      2.00 r
  U22/Y (INVX1_RVT)                                0.02      2.02 f
  U23/Y (AND2X1_RVT)                               0.04      2.06 f
  U25/Y (AND3X1_RVT)                               0.04      2.10 f
  y_reg[1]/D (DFFX1_RVT)                           0.00      2.10 f
  data arrival time                                          2.10

  clock clk (rise edge)                           10.00     10.00
  clock network delay (ideal)                      0.00     10.00
  y_reg[1]/CLK (DFFX1_RVT)                         0.00     10.00 r
  clock uncertainty                               -0.20      9.80
  library setup time                              -0.02      9.78
  data required time                                         9.78
  ------------------------------------------------------------------------
  data required time                                         9.78
  data arrival time                                         -2.10
  ------------------------------------------------------------------------
  slack (MET)                                                7.68



  Startpoint: rst (input port clocked by clk)
  Endpoint: y_reg[0] (rising edge-triggered flip-flop clocked by clk)
  Mode: func
  Corner: nom
  Scenario: func::nom
  Path Group: **in2reg_default**
  Path Type: max

  Point                                            Incr      Path  
  ------------------------------------------------------------------------
  clock clk (rise edge)                            0.00      0.00
  clock network delay (ideal)                      0.00      0.00
  input external delay                             2.00      2.00 r
  rst (in)                                         0.00      2.00 r
  U22/Y (INVX1_RVT)                                0.02      2.02 f
  U23/Y (AND2X1_RVT)                               0.04      2.06 f
  U24/Y (AND3X1_RVT)                               0.04      2.10 f
  y_reg[0]/D (DFFX1_RVT)                           0.00      2.10 f
  data arrival time                                          2.10

  clock clk (rise edge)                           10.00     10.00
  clock network delay (ideal)                      0.00     10.00
  y_reg[0]/CLK (DFFX1_RVT)                         0.00     10.00 r
  clock uncertainty                               -0.20      9.80
  library setup time                              -0.02      9.78
  data required time                                         9.78
  ------------------------------------------------------------------------
  data required time                                         9.78
  data arrival time                                         -2.10
  ------------------------------------------------------------------------
  slack (MET)                                                7.68



  Startpoint: rst (input port clocked by clk)
  Endpoint: x_reg_reg[0] (rising edge-triggered flip-flop clocked by clk)
  Mode: func
  Corner: nom
  Scenario: func::nom
  Path Group: **in2reg_default**
  Path Type: max

  Point                                            Incr      Path  
  ------------------------------------------------------------------------
  clock clk (rise edge)                            0.00      0.00
  clock network delay (ideal)                      0.00      0.00
  input external delay                             2.00      2.00 r
  rst (in)                                         0.00      2.00 r
  x_reg_reg[0]/SETB (DFFSSRX1_RVT)                 0.00      2.00 r
  data arrival time                                          2.00

  clock clk (rise edge)                           10.00     10.00
  clock network delay (ideal)                      0.00     10.00
  x_reg_reg[0]/CLK (DFFSSRX1_RVT)                  0.00     10.00 r
  clock uncertainty                               -0.20      9.80
  library setup time                              -0.10      9.70
  data required time                                         9.70
  ------------------------------------------------------------------------
  data required time                                         9.70
  data arrival time                                         -2.00
  ------------------------------------------------------------------------
  slack (MET)                                                7.70



  Startpoint: rst (input port clocked by clk)
  Endpoint: x_reg_reg[1] (rising edge-triggered flip-flop clocked by clk)
  Mode: func
  Corner: nom
  Scenario: func::nom
  Path Group: **in2reg_default**
  Path Type: max

  Point                                            Incr      Path  
  ------------------------------------------------------------------------
  clock clk (rise edge)                            0.00      0.00
  clock network delay (ideal)                      0.00      0.00
  input external delay                             2.00      2.00 r
  rst (in)                                         0.00      2.00 r
  x_reg_reg[1]/SETB (DFFSSRX1_RVT)                 0.00      2.00 r
  data arrival time                                          2.00

  clock clk (rise edge)                           10.00     10.00
  clock network delay (ideal)                      0.00     10.00
  x_reg_reg[1]/CLK (DFFSSRX1_RVT)                  0.00     10.00 r
  clock uncertainty                               -0.20      9.80
  library setup time                              -0.10      9.70
  data required time                                         9.70
  ------------------------------------------------------------------------
  data required time                                         9.70
  data arrival time                                         -2.00
  ------------------------------------------------------------------------
  slack (MET)                                                7.70



  Startpoint: rst (input port clocked by clk)
  Endpoint: x_reg_reg[2] (rising edge-triggered flip-flop clocked by clk)
  Mode: func
  Corner: nom
  Scenario: func::nom
  Path Group: **in2reg_default**
  Path Type: max

  Point                                            Incr      Path  
  ------------------------------------------------------------------------
  clock clk (rise edge)                            0.00      0.00
  clock network delay (ideal)                      0.00      0.00
  input external delay                             2.00      2.00 r
  rst (in)                                         0.00      2.00 r
  x_reg_reg[2]/SETB (DFFSSRX1_RVT)                 0.00      2.00 r
  data arrival time                                          2.00

  clock clk (rise edge)                           10.00     10.00
  clock network delay (ideal)                      0.00     10.00
  x_reg_reg[2]/CLK (DFFSSRX1_RVT)                  0.00     10.00 r
  clock uncertainty                               -0.20      9.80
  library setup time                              -0.10      9.70
  data required time                                         9.70
  ------------------------------------------------------------------------
  data required time                                         9.70
  data arrival time                                         -2.00
  ------------------------------------------------------------------------
  slack (MET)                                                7.70



  Startpoint: rst (input port clocked by clk)
  Endpoint: y_reg[6] (rising edge-triggered flip-flop clocked by clk)
  Mode: func
  Corner: nom
  Scenario: func::nom
  Path Group: **in2reg_default**
  Path Type: max

  Point                                            Incr      Path  
  ------------------------------------------------------------------------
  clock clk (rise edge)                            0.00      0.00
  clock network delay (ideal)                      0.00      0.00
  input external delay                             2.00      2.00 r
  rst (in)                                         0.00      2.00 r
  U22/Y (INVX1_RVT)                                0.02      2.02 f
  U30/Y (AND4X1_RVT)                               0.06      2.08 f
  y_reg[6]/D (DFFX1_RVT)                           0.00      2.08 f
  data arrival time                                          2.08

  clock clk (rise edge)                           10.00     10.00
  clock network delay (ideal)                      0.00     10.00
  y_reg[6]/CLK (DFFX1_RVT)                         0.00     10.00 r
  clock uncertainty                               -0.20      9.80
  library setup time                              -0.02      9.78
  data required time                                         9.78
  ------------------------------------------------------------------------
  data required time                                         9.78
  data arrival time                                         -2.08
  ------------------------------------------------------------------------
  slack (MET)                                                7.70



  Startpoint: rst (input port clocked by clk)
  Endpoint: y_reg[4] (rising edge-triggered flip-flop clocked by clk)
  Mode: func
  Corner: nom
  Scenario: func::nom
  Path Group: **in2reg_default**
  Path Type: max

  Point                                            Incr      Path  
  ------------------------------------------------------------------------
  clock clk (rise edge)                            0.00      0.00
  clock network delay (ideal)                      0.00      0.00
  input external delay                             2.00      2.00 r
  rst (in)                                         0.00      2.00 r
  U22/Y (INVX1_RVT)                                0.02      2.02 f
  U28/Y (AND4X1_RVT)                               0.06      2.08 f
  y_reg[4]/D (DFFX1_RVT)                           0.00      2.08 f
  data arrival time                                          2.08

  clock clk (rise edge)                           10.00     10.00
  clock network delay (ideal)                      0.00     10.00
  y_reg[4]/CLK (DFFX1_RVT)                         0.00     10.00 r
  clock uncertainty                               -0.20      9.80
  library setup time                              -0.02      9.78
  data required time                                         9.78
  ------------------------------------------------------------------------
  data required time                                         9.78
  data arrival time                                         -2.08
  ------------------------------------------------------------------------
  slack (MET)                                                7.70



  Startpoint: rst (input port clocked by clk)
  Endpoint: y_reg[7] (rising edge-triggered flip-flop clocked by clk)
  Mode: func
  Corner: nom
  Scenario: func::nom
  Path Group: **in2reg_default**
  Path Type: max

  Point                                            Incr      Path  
  ------------------------------------------------------------------------
  clock clk (rise edge)                            0.00      0.00
  clock network delay (ideal)                      0.00      0.00
  input external delay                             2.00      2.00 r
  rst (in)                                         0.00      2.00 r
  U22/Y (INVX1_RVT)                                0.02      2.02 f
  U31/Y (AND4X1_RVT)                               0.06      2.08 f
  y_reg[7]/D (DFFX1_RVT)                           0.00      2.08 f
  data arrival time                                          2.08

  clock clk (rise edge)                           10.00     10.00
  clock network delay (ideal)                      0.00     10.00
  y_reg[7]/CLK (DFFX1_RVT)                         0.00     10.00 r
  clock uncertainty                               -0.20      9.80
  library setup time                              -0.02      9.78
  data required time                                         9.78
  ------------------------------------------------------------------------
  data required time                                         9.78
  data arrival time                                         -2.08
  ------------------------------------------------------------------------
  slack (MET)                                                7.70


1
